# TLS secrets log file, generated by OpenSSL / Python
SERVER_HANDSHAKE_TRAFFIC_SECRET d5c5838caa6000d04915316a7719fefd0561aede854c8c3530e83401387ba55b ca5f835eb0e16f90967f6d489ab2cec568fc745e5b1b6881606c3700e9b09464
EXPORTER_SECRET d5c5838caa6000d04915316a7719fefd0561aede854c8c3530e83401387ba55b 1340f31d13dc42739ac472205edbc1f1d6270a812acf3f8bae0b10638f87d04e
SERVER_TRAFFIC_SECRET_0 d5c5838caa6000d04915316a7719fefd0561aede854c8c3530e83401387ba55b 3a08acb1cd0b47d367ca5ddb45b7f6d6ceb94f88f811e9c69055e64fddf7d0e3
CLIENT_HANDSHAKE_TRAFFIC_SECRET d5c5838caa6000d04915316a7719fefd0561aede854c8c3530e83401387ba55b 83bdfedba45a6b68d7e44562e7425294ca21c2511a80bef672c38e8f1dee2275
CLIENT_TRAFFIC_SECRET_0 d5c5838caa6000d04915316a7719fefd0561aede854c8c3530e83401387ba55b 181bc0343a12d47637565b1ba944883d5d2932dfedf16fef55c602313518b279
# TLS secrets log file, generated by OpenSSL / Python
SERVER_HANDSHAKE_TRAFFIC_SECRET 73772ef977c7fa53fbd09af5c810b5e50586606a90a8e231d0eb9154c389c6ca 7960f9afe127a0c2d318812044577c1bf6d089292f904509bdd99971f0580d4e
EXPORTER_SECRET 73772ef977c7fa53fbd09af5c810b5e50586606a90a8e231d0eb9154c389c6ca 1aabf2520a59314589689016150853a7d2b4b0374ec12520f6dc03efc9e9036b
SERVER_TRAFFIC_SECRET_0 73772ef977c7fa53fbd09af5c810b5e50586606a90a8e231d0eb9154c389c6ca dd4020b88937428ab0448a39617331b35f74226a7285eaab958a1efe59625335
CLIENT_HANDSHAKE_TRAFFIC_SECRET 73772ef977c7fa53fbd09af5c810b5e50586606a90a8e231d0eb9154c389c6ca c6cdfa0ceae1a2feb91741c3a58803442751b82a9769c6b90f807f94b2da44da
CLIENT_TRAFFIC_SECRET_0 73772ef977c7fa53fbd09af5c810b5e50586606a90a8e231d0eb9154c389c6ca 8d7ae0a82a5ea9338ed912f9ccd184b0249238a6063ba30680a5f9c653827ef3
# TLS secrets log file, generated by OpenSSL / Python
SERVER_HANDSHAKE_TRAFFIC_SECRET 3a528b96af32fc7ae7f0a1b8547aac08ddf8084a946c138d2d809c2af0220e69 3fe3eaa29e53159b02cd21f244b36dfe8fd101c171cc33e1c129ffc5703cad8b
EXPORTER_SECRET 3a528b96af32fc7ae7f0a1b8547aac08ddf8084a946c138d2d809c2af0220e69 c414c70cce3666d72d606782ab01fed67957ad14a3df0a1c1d7dc1db357feab5
SERVER_TRAFFIC_SECRET_0 3a528b96af32fc7ae7f0a1b8547aac08ddf8084a946c138d2d809c2af0220e69 b5e5dce0468698615a65642c0879e8e552a01df6d2f36445bf80d487dfc822bf
CLIENT_HANDSHAKE_TRAFFIC_SECRET 3a528b96af32fc7ae7f0a1b8547aac08ddf8084a946c138d2d809c2af0220e69 dcba25928c68675c790fbf465f3a3707130b0f768a1c9fd488baa9e953102b58
CLIENT_TRAFFIC_SECRET_0 3a528b96af32fc7ae7f0a1b8547aac08ddf8084a946c138d2d809c2af0220e69 6ae598c7b22ba55a616b129e8e358a04ce32f23ee535b01817b61e2ed2b3d43a
# TLS secrets log file, generated by OpenSSL / Python
SERVER_HANDSHAKE_TRAFFIC_SECRET 519012e803bab7fb128eaa6e79c9fe2026a363f9966d04df0a8bd2fa59e4e632 3416804787b19f1351ac7e93558b7dc59446586894d56d7426e1d645a9a2ed4c
EXPORTER_SECRET 519012e803bab7fb128eaa6e79c9fe2026a363f9966d04df0a8bd2fa59e4e632 51bce83fbdc9641e9ca870022d84e2028a58551f10cd6367f9ded7c9d2f88ccf
SERVER_TRAFFIC_SECRET_0 519012e803bab7fb128eaa6e79c9fe2026a363f9966d04df0a8bd2fa59e4e632 319340470b70984d070a9d1f0ca88b8aaed8170211c4b95abd500a17b92a42df
CLIENT_HANDSHAKE_TRAFFIC_SECRET 519012e803bab7fb128eaa6e79c9fe2026a363f9966d04df0a8bd2fa59e4e632 7117a24824957a9b9da13b3d0b01aabb7965f5e616b89e409e1da0423e2b37f4
CLIENT_TRAFFIC_SECRET_0 519012e803bab7fb128eaa6e79c9fe2026a363f9966d04df0a8bd2fa59e4e632 38ebf04948287106505de5e4cf132a70d542ec191b88985091c4218cbf2f4df0
# TLS secrets log file, generated by OpenSSL / Python
SERVER_HANDSHAKE_TRAFFIC_SECRET 732ee09399883985ccedff381f2facd300d0e53e73dd147455abe0fabf73e075 ba167703d94c7282e1ee09eb2685c6f1c3468b5d51822bddfd1ee0b4805a54e0
EXPORTER_SECRET 732ee09399883985ccedff381f2facd300d0e53e73dd147455abe0fabf73e075 46949d7ed07b94cbd0a0c4e9dcb6f21cffcee5158f57d2ecfed99df883f83483
SERVER_TRAFFIC_SECRET_0 732ee09399883985ccedff381f2facd300d0e53e73dd147455abe0fabf73e075 5bb681f7a940136b49bd08de41a3f304614585cb61a0a027781e35b68a486ba2
CLIENT_HANDSHAKE_TRAFFIC_SECRET 732ee09399883985ccedff381f2facd300d0e53e73dd147455abe0fabf73e075 509baf0207c6da91fda713231b400846fc6c7a90fb08e3559b5fe13145cd8b9a
CLIENT_TRAFFIC_SECRET_0 732ee09399883985ccedff381f2facd300d0e53e73dd147455abe0fabf73e075 51f70605c30a8773c038a71b88e6a09385d3785eb3f411811326cd5dabe4f8c2
